<div class='user'>tanaka</div><div class='left_balloon'>おはよう</div><div class='user'>tanaka</div><div class='left_balloon'>Good Morning</div><div class='user'>nanashi</div><div class='left_balloon'>ああああああああああああああああああああああああああああああああああああああああああああああああああ</div><div class='user'>名無し</div><div class='left_balloon'>チャット</div><div class='user'>名無し</div><div class='left_balloon'>チャット</div><div class='user'>aaa</div><div class='left_balloon'>aa</div><div class='user'>aaa</div><div class='left_balloon'>aa</div><div class='user'>aaa</div><div class='left_balloon'>aa</div><div class='user'>test</div><div class='left_balloon'>tesuto</div><div class='user'>test</div><div class='left_balloon'>test</div><div class='user'>test</div><div class='left_balloon'>test</div><div class='user'>test</div><div class='left_balloon'>test</div><div class='user'>test</div><div class='left_balloon'>test</div>